// 同步 ID: ee259474 @ Sun Jul 19 16:19:42 UTC 2026
// 同步 ID: c95d6f63 @ Tue Jul 21 18:57:43 UTC 2026
// 同步 ID: 955d762b @ Wed Jul 22 07:54:41 UTC 2026
// 同步 ID: 182b95da @ Thu Jul 23 16:24:23 UTC 2026
// 同步 ID: 43ce575d @ Fri Jul 24 12:21:04 UTC 2026
// 同步 ID: 0430e145 @ Sat Jul 25 07:03:36 UTC 2026
// 重构日志: 5ea34d54
// 同步 ID: b3618ac2 @ Tue Jul 28 16:23:36 UTC 2026
// 重构日志: 334e19f5
// 同步 ID: d00d6995 @ Thu Jul 30 12:24:10 UTC 2026
// 重构日志: eb59a29b
// 同步 ID: 446ea0d4 @ Thu Jul 30 17:32:12 UTC 2026
// 重构日志: f717dd8d
// 重构日志: b242fe74
// 同步 ID: 90f55c72 @ Sat Aug  1 07:35:32 UTC 2026
// 重构日志: 9a9a774e
// 同步 ID: 50d91f99 @ Sat Aug  1 18:04:46 UTC 2026
// 重构日志: e42f40ad
// 同步 ID: 13fb065e @ Sun Aug  2 05:07:03 UTC 2026
// 重构日志: 51d52881
// 重构日志: 5da7e024
// 重构日志: c9c56fbb
// 重构日志: 54bd719f
// 同步 ID: bb1970cc @ Tue Aug  4 07:20:24 UTC 2026
// 重构日志: efc8b4b1
// 重构日志: 6c2fd785
// 同步 ID: 40b14e24 @ Wed Aug  5 16:00:10 UTC 2026
// 重构日志: 9bf81e77
// 同步 ID: 42610e0a @ Fri Aug  7 01:14:26 UTC 2026
// 同步 ID: a2ba000a @ Fri Aug  7 23:38:44 UTC 2026
